<?xml version="1.0" encoding="ISO-8859-1" ?>
<link_info>
   <banner>MSP430 Linker Unix v21.6.0.LTS</banner>
   <copyright>Copyright (c) 2003-2018 Texas Instruments Incorporated</copyright>
   <link_time>0x624ef00f</link_time>
   <link_errors>0x1</link_errors>
   <output_file>lab1proj.out</output_file>
   <entry_point>
      <name>_c_int00_noargs</name>
      <address>0xe17a</address>
   </entry_point>
   <input_file_list>
      <input_file id="fl-1">
         <path>./source/</path>
         <kind>object</kind>
         <file>api.obj</file>
         <name>api.obj</name>
      </input_file>
      <input_file id="fl-2">
         <path>./source/</path>
         <kind>object</kind>
         <file>bsp.obj</file>
         <name>bsp.obj</name>
      </input_file>
      <input_file id="fl-3">
         <path>./source/</path>
         <kind>object</kind>
         <file>halGPIO.obj</file>
         <name>halGPIO.obj</name>
      </input_file>
      <input_file id="fl-4">
         <path>./source/</path>
         <kind>object</kind>
         <file>main.obj</file>
         <name>main.obj</name>
      </input_file>
      <input_file id="fl-a">
         <kind>object</kind>
         <file>&lt;internal&gt;</file>
         <name>&lt;internal&gt;</name>
      </input_file>
      <input_file id="fl-25">
         <path>/Applications/ti/ccs1110/ccs/tools/compiler/ti-cgt-msp430_21.6.0.LTS/lib/</path>
         <kind>archive</kind>
         <file>rts430x_lc_sd_eabi.lib</file>
         <name>int45.asm.obj</name>
      </input_file>
      <input_file id="fl-26">
         <path>/Applications/ti/ccs1110/ccs/tools/compiler/ti-cgt-msp430_21.6.0.LTS/lib/</path>
         <kind>archive</kind>
         <file>rts430x_lc_sd_eabi.lib</file>
         <name>int46.asm.obj</name>
      </input_file>
      <input_file id="fl-27">
         <path>/Applications/ti/ccs1110/ccs/tools/compiler/ti-cgt-msp430_21.6.0.LTS/lib/</path>
         <kind>archive</kind>
         <file>rts430x_lc_sd_eabi.lib</file>
         <name>int48.asm.obj</name>
      </input_file>
      <input_file id="fl-28">
         <path>/Applications/ti/ccs1110/ccs/tools/compiler/ti-cgt-msp430_21.6.0.LTS/lib/</path>
         <kind>archive</kind>
         <file>rts430x_lc_sd_eabi.lib</file>
         <name>int49.asm.obj</name>
      </input_file>
      <input_file id="fl-29">
         <path>/Applications/ti/ccs1110/ccs/tools/compiler/ti-cgt-msp430_21.6.0.LTS/lib/</path>
         <kind>archive</kind>
         <file>rts430x_lc_sd_eabi.lib</file>
         <name>int50.asm.obj</name>
      </input_file>
      <input_file id="fl-2a">
         <path>/Applications/ti/ccs1110/ccs/tools/compiler/ti-cgt-msp430_21.6.0.LTS/lib/</path>
         <kind>archive</kind>
         <file>rts430x_lc_sd_eabi.lib</file>
         <name>int51.asm.obj</name>
      </input_file>
      <input_file id="fl-2b">
         <path>/Applications/ti/ccs1110/ccs/tools/compiler/ti-cgt-msp430_21.6.0.LTS/lib/</path>
         <kind>archive</kind>
         <file>rts430x_lc_sd_eabi.lib</file>
         <name>int52.asm.obj</name>
      </input_file>
      <input_file id="fl-2c">
         <path>/Applications/ti/ccs1110/ccs/tools/compiler/ti-cgt-msp430_21.6.0.LTS/lib/</path>
         <kind>archive</kind>
         <file>rts430x_lc_sd_eabi.lib</file>
         <name>int53.asm.obj</name>
      </input_file>
      <input_file id="fl-2d">
         <path>/Applications/ti/ccs1110/ccs/tools/compiler/ti-cgt-msp430_21.6.0.LTS/lib/</path>
         <kind>archive</kind>
         <file>rts430x_lc_sd_eabi.lib</file>
         <name>int54.asm.obj</name>
      </input_file>
      <input_file id="fl-2e">
         <path>/Applications/ti/ccs1110/ccs/tools/compiler/ti-cgt-msp430_21.6.0.LTS/lib/</path>
         <kind>archive</kind>
         <file>rts430x_lc_sd_eabi.lib</file>
         <name>int55.asm.obj</name>
      </input_file>
      <input_file id="fl-2f">
         <path>/Applications/ti/ccs1110/ccs/tools/compiler/ti-cgt-msp430_21.6.0.LTS/lib/</path>
         <kind>archive</kind>
         <file>rts430x_lc_sd_eabi.lib</file>
         <name>int56.asm.obj</name>
      </input_file>
      <input_file id="fl-30">
         <path>/Applications/ti/ccs1110/ccs/tools/compiler/ti-cgt-msp430_21.6.0.LTS/lib/</path>
         <kind>archive</kind>
         <file>rts430x_lc_sd_eabi.lib</file>
         <name>int57.asm.obj</name>
      </input_file>
      <input_file id="fl-31">
         <path>/Applications/ti/ccs1110/ccs/tools/compiler/ti-cgt-msp430_21.6.0.LTS/lib/</path>
         <kind>archive</kind>
         <file>rts430x_lc_sd_eabi.lib</file>
         <name>int58.asm.obj</name>
      </input_file>
      <input_file id="fl-32">
         <path>/Applications/ti/ccs1110/ccs/tools/compiler/ti-cgt-msp430_21.6.0.LTS/lib/</path>
         <kind>archive</kind>
         <file>rts430x_lc_sd_eabi.lib</file>
         <name>int59.asm.obj</name>
      </input_file>
      <input_file id="fl-33">
         <path>/Applications/ti/ccs1110/ccs/tools/compiler/ti-cgt-msp430_21.6.0.LTS/lib/</path>
         <kind>archive</kind>
         <file>rts430x_lc_sd_eabi.lib</file>
         <name>int60.asm.obj</name>
      </input_file>
      <input_file id="fl-34">
         <path>/Applications/ti/ccs1110/ccs/tools/compiler/ti-cgt-msp430_21.6.0.LTS/lib/</path>
         <kind>archive</kind>
         <file>rts430x_lc_sd_eabi.lib</file>
         <name>int61.asm.obj</name>
      </input_file>
      <input_file id="fl-35">
         <path>/Applications/ti/ccs1110/ccs/tools/compiler/ti-cgt-msp430_21.6.0.LTS/lib/</path>
         <kind>archive</kind>
         <file>rts430x_lc_sd_eabi.lib</file>
         <name>int62.asm.obj</name>
      </input_file>
      <input_file id="fl-36">
         <path>/Applications/ti/ccs1110/ccs/tools/compiler/ti-cgt-msp430_21.6.0.LTS/lib/</path>
         <kind>archive</kind>
         <file>rts430x_lc_sd_eabi.lib</file>
         <name>isr_trap.asm.obj</name>
      </input_file>
      <input_file id="fl-37">
         <path>/Applications/ti/ccs1110/ccs/tools/compiler/ti-cgt-msp430_21.6.0.LTS/lib/</path>
         <kind>archive</kind>
         <file>rts430x_lc_sd_eabi.lib</file>
         <name>mult16_f5hw.asm.obj</name>
      </input_file>
      <input_file id="fl-38">
         <path>/Applications/ti/ccs1110/ccs/tools/compiler/ti-cgt-msp430_21.6.0.LTS/lib/</path>
         <kind>archive</kind>
         <file>rts430x_lc_sd_eabi.lib</file>
         <name>mult1632_f5hw.asm.obj</name>
      </input_file>
      <input_file id="fl-39">
         <path>/Applications/ti/ccs1110/ccs/tools/compiler/ti-cgt-msp430_21.6.0.LTS/lib/</path>
         <kind>archive</kind>
         <file>rts430x_lc_sd_eabi.lib</file>
         <name>mult32_f5hw.asm.obj</name>
      </input_file>
      <input_file id="fl-3a">
         <path>/Applications/ti/ccs1110/ccs/tools/compiler/ti-cgt-msp430_21.6.0.LTS/lib/</path>
         <kind>archive</kind>
         <file>rts430x_lc_sd_eabi.lib</file>
         <name>mult3264_f5hw.asm.obj</name>
      </input_file>
      <input_file id="fl-3b">
         <path>/Applications/ti/ccs1110/ccs/tools/compiler/ti-cgt-msp430_21.6.0.LTS/lib/</path>
         <kind>archive</kind>
         <file>rts430x_lc_sd_eabi.lib</file>
         <name>mult64_f5hw.asm.obj</name>
      </input_file>
      <input_file id="fl-3c">
         <path>/Applications/ti/ccs1110/ccs/tools/compiler/ti-cgt-msp430_21.6.0.LTS/lib/</path>
         <kind>archive</kind>
         <file>rts430x_lc_sd_eabi.lib</file>
         <name>boot.c.obj</name>
      </input_file>
      <input_file id="fl-3d">
         <path>/Applications/ti/ccs1110/ccs/tools/compiler/ti-cgt-msp430_21.6.0.LTS/lib/</path>
         <kind>archive</kind>
         <file>rts430x_lc_sd_eabi.lib</file>
         <name>autoinit.c.obj</name>
      </input_file>
      <input_file id="fl-3e">
         <path>/Applications/ti/ccs1110/ccs/tools/compiler/ti-cgt-msp430_21.6.0.LTS/lib/</path>
         <kind>archive</kind>
         <file>rts430x_lc_sd_eabi.lib</file>
         <name>copy_zero_init.c.obj</name>
      </input_file>
      <input_file id="fl-3f">
         <path>/Applications/ti/ccs1110/ccs/tools/compiler/ti-cgt-msp430_21.6.0.LTS/lib/</path>
         <kind>archive</kind>
         <file>rts430x_lc_sd_eabi.lib</file>
         <name>cpy_tbl.c.obj</name>
      </input_file>
      <input_file id="fl-40">
         <path>/Applications/ti/ccs1110/ccs/tools/compiler/ti-cgt-msp430_21.6.0.LTS/lib/</path>
         <kind>archive</kind>
         <file>rts430x_lc_sd_eabi.lib</file>
         <name>mpu_init.c.obj</name>
      </input_file>
      <input_file id="fl-41">
         <path>/Applications/ti/ccs1110/ccs/tools/compiler/ti-cgt-msp430_21.6.0.LTS/lib/</path>
         <kind>archive</kind>
         <file>rts430x_lc_sd_eabi.lib</file>
         <name>pre_init.c.obj</name>
      </input_file>
      <input_file id="fl-42">
         <path>/Applications/ti/ccs1110/ccs/tools/compiler/ti-cgt-msp430_21.6.0.LTS/lib/</path>
         <kind>archive</kind>
         <file>rts430x_lc_sd_eabi.lib</file>
         <name>startup.c.obj</name>
      </input_file>
      <input_file id="fl-43">
         <path>/Applications/ti/ccs1110/ccs/tools/compiler/ti-cgt-msp430_21.6.0.LTS/lib/</path>
         <kind>archive</kind>
         <file>rts430x_lc_sd_eabi.lib</file>
         <name>copy_decompress_none.c.obj</name>
      </input_file>
      <input_file id="fl-44">
         <path>/Applications/ti/ccs1110/ccs/tools/compiler/ti-cgt-msp430_21.6.0.LTS/lib/</path>
         <kind>archive</kind>
         <file>rts430x_lc_sd_eabi.lib</file>
         <name>copy_decompress_lzss.c.obj</name>
      </input_file>
      <input_file id="fl-45">
         <path>/Applications/ti/ccs1110/ccs/tools/compiler/ti-cgt-msp430_21.6.0.LTS/lib/</path>
         <kind>archive</kind>
         <file>rts430x_lc_sd_eabi.lib</file>
         <name>exit.c.obj</name>
      </input_file>
      <input_file id="fl-46">
         <path>/Applications/ti/ccs1110/ccs/tools/compiler/ti-cgt-msp430_21.6.0.LTS/lib/</path>
         <kind>archive</kind>
         <file>rts430x_lc_sd_eabi.lib</file>
         <name>_lock.c.obj</name>
      </input_file>
      <input_file id="fl-47">
         <path>/Applications/ti/ccs1110/ccs/tools/compiler/ti-cgt-msp430_21.6.0.LTS/lib/</path>
         <kind>archive</kind>
         <file>rts430x_lc_sd_eabi.lib</file>
         <name>args_main.c.obj</name>
      </input_file>
      <input_file id="fl-48">
         <path>/Applications/ti/ccs1110/ccs/tools/compiler/ti-cgt-msp430_21.6.0.LTS/lib/</path>
         <kind>archive</kind>
         <file>rts430x_lc_sd_eabi.lib</file>
         <name>memcpy.c.obj</name>
      </input_file>
      <input_file id="fl-49">
         <path>/Applications/ti/ccs1110/ccs/tools/compiler/ti-cgt-msp430_21.6.0.LTS/lib/</path>
         <kind>archive</kind>
         <file>rts430x_lc_sd_eabi.lib</file>
         <name>cpy_util.asm.obj</name>
      </input_file>
      <input_file id="fl-4a">
         <path>/Applications/ti/ccs1110/ccs/tools/compiler/ti-cgt-msp430_21.6.0.LTS/lib/</path>
         <kind>archive</kind>
         <file>rts430x_lc_sd_eabi.lib</file>
         <name>mult16.asm.obj</name>
      </input_file>
      <input_file id="fl-4b">
         <path>/Applications/ti/ccs1110/ccs/tools/compiler/ti-cgt-msp430_21.6.0.LTS/lib/</path>
         <kind>archive</kind>
         <file>rts430x_lc_sd_eabi.lib</file>
         <name>exit_gvars.c.obj</name>
      </input_file>
   </input_file_list>
   <object_component_list>
      <object_component id="oc-357">
         <name>.common:state</name>
         <uninitialized>true</uninitialized>
         <run_address>0x1c02</run_address>
         <size>0x2</size>
      </object_component>
      <object_component id="oc-35a">
         <name>.common:lpm_mode</name>
         <uninitialized>true</uninitialized>
         <run_address>0x1c00</run_address>
         <size>0x2</size>
      </object_component>
      <object_component id="oc-2c1">
         <name>.stack</name>
         <uninitialized>true</uninitialized>
         <run_address>0x23ac</run_address>
         <size>0x2</size>
         <input_file_ref idref="fl-3c"/>
      </object_component>
      <object_component id="oc-4e6">
         <name>.stack</name>
         <uninitialized>true</uninitialized>
         <run_address>0x23ac</run_address>
         <size>0x0</size>
      </object_component>
      <object_component id="oc-335">
         <name>.text:main</name>
         <load_address>0xe000</load_address>
         <run_address>0xe000</run_address>
         <size>0x64</size>
         <input_file_ref idref="fl-4"/>
      </object_component>
      <object_component id="oc-392">
         <name>.text:__TI_auto_init_nobinit_nopinit:__TI_auto_init_nobinit_nopinit</name>
         <load_address>0xe064</load_address>
         <run_address>0xe064</run_address>
         <size>0x56</size>
         <input_file_ref idref="fl-3d"/>
      </object_component>
      <object_component id="oc-3cc">
         <name>.text:GPIOconfig</name>
         <load_address>0xe0ba</load_address>
         <run_address>0xe0ba</run_address>
         <size>0x4e</size>
         <input_file_ref idref="fl-2"/>
      </object_component>
      <object_component id="oc-2e1">
         <name>.text:decompress:ZI:__TI_zero_init_nomemset:__TI_zero_init_nomemset</name>
         <load_address>0xe108</load_address>
         <run_address>0xe108</run_address>
         <size>0x3e</size>
         <input_file_ref idref="fl-3e"/>
      </object_component>
      <object_component id="oc-37f">
         <name>.text:enterLPM</name>
         <load_address>0xe146</load_address>
         <run_address>0xe146</run_address>
         <size>0x34</size>
         <input_file_ref idref="fl-3"/>
      </object_component>
      <object_component id="oc-2f3">
         <name>.text:_isr:_c_int00_noargs</name>
         <load_address>0xe17a</load_address>
         <run_address>0xe17a</run_address>
         <size>0x1c</size>
         <input_file_ref idref="fl-3c"/>
      </object_component>
      <object_component id="oc-36d">
         <name>.text:delay</name>
         <load_address>0xe196</load_address>
         <run_address>0xe196</run_address>
         <size>0x1a</size>
         <input_file_ref idref="fl-3"/>
      </object_component>
      <object_component id="oc-35b">
         <name>.text:sysConfig</name>
         <load_address>0xe1b0</load_address>
         <run_address>0xe1b0</run_address>
         <size>0xe</size>
         <input_file_ref idref="fl-3"/>
      </object_component>
      <object_component id="oc-379">
         <name>.text:printSWs2LEDs</name>
         <load_address>0xe1be</load_address>
         <run_address>0xe1be</run_address>
         <size>0xa</size>
         <input_file_ref idref="fl-1"/>
      </object_component>
      <object_component id="oc-3e4">
         <name>.text:readSWs</name>
         <load_address>0xe1c8</load_address>
         <run_address>0xe1c8</run_address>
         <size>0xa</size>
         <input_file_ref idref="fl-3"/>
      </object_component>
      <object_component id="oc-2dc">
         <name>.text:_isr:__TI_ISR_TRAP</name>
         <load_address>0xe1d2</load_address>
         <run_address>0xe1d2</run_address>
         <size>0x8</size>
         <input_file_ref idref="fl-36"/>
      </object_component>
      <object_component id="oc-373">
         <name>.text:enable_interrupts</name>
         <load_address>0xe1da</load_address>
         <run_address>0xe1da</run_address>
         <size>0x8</size>
         <input_file_ref idref="fl-3"/>
      </object_component>
      <object_component id="oc-386">
         <name>.text:abort</name>
         <load_address>0xe1e2</load_address>
         <run_address>0xe1e2</run_address>
         <size>0x6</size>
         <input_file_ref idref="fl-45"/>
      </object_component>
      <object_component id="oc-361">
         <name>.text:disable_interrupts</name>
         <load_address>0xe1e8</load_address>
         <run_address>0xe1e8</run_address>
         <size>0x6</size>
         <input_file_ref idref="fl-3"/>
      </object_component>
      <object_component id="oc-367">
         <name>.text:incLEDs</name>
         <load_address>0xe1ee</load_address>
         <run_address>0xe1ee</run_address>
         <size>0x6</size>
         <input_file_ref idref="fl-3"/>
      </object_component>
      <object_component id="oc-3ea">
         <name>.text:print2LEDs</name>
         <load_address>0xe1f4</load_address>
         <run_address>0xe1f4</run_address>
         <size>0x6</size>
         <input_file_ref idref="fl-3"/>
      </object_component>
      <object_component id="oc-32f">
         <name>.text:_system_pre_init</name>
         <load_address>0xe1fa</load_address>
         <run_address>0xe1fa</run_address>
         <size>0x4</size>
         <input_file_ref idref="fl-41"/>
      </object_component>
      <object_component id="oc-3d8">
         <name>.text:ADCconfig</name>
         <load_address>0xe1fe</load_address>
         <run_address>0xe1fe</run_address>
         <size>0x2</size>
         <input_file_ref idref="fl-2"/>
      </object_component>
      <object_component id="oc-3d2">
         <name>.text:TIMERconfig</name>
         <load_address>0xe200</load_address>
         <run_address>0xe200</run_address>
         <size>0x2</size>
         <input_file_ref idref="fl-2"/>
      </object_component>
      <object_component id="oc-404">
         <name>.text:_system_post_cinit</name>
         <load_address>0xe202</load_address>
         <run_address>0xe202</run_address>
         <size>0x2</size>
         <input_file_ref idref="fl-42"/>
      </object_component>
      <object_component id="oc-4e5">
         <name>.cinit..bss.load</name>
         <load_address>0xe204</load_address>
         <run_address>0xe204</run_address>
         <size>0x6</size>
      </object_component>
      <object_component id="oc-4e3">
         <name>__TI_handler_table</name>
         <load_address>0xe20a</load_address>
         <run_address>0xe20a</run_address>
         <size>0x4</size>
      </object_component>
      <object_component id="oc-4e4">
         <name>__TI_cinit_table</name>
         <load_address>0xe20e</load_address>
         <run_address>0xe20e</run_address>
         <size>0x8</size>
      </object_component>
      <object_component id="oc-476">
         <name>.binit</name>
         <load_address>0xe000</load_address>
         <run_address>0xe000</run_address>
         <size>0x0</size>
      </object_component>
      <object_component id="oc-73">
         <name>.int45</name>
         <load_address>0xffda</load_address>
         <run_address>0xffda</run_address>
         <size>0x2</size>
         <input_file_ref idref="fl-25"/>
      </object_component>
      <object_component id="oc-74">
         <name>.int46</name>
         <load_address>0xffdc</load_address>
         <run_address>0xffdc</run_address>
         <size>0x2</size>
         <input_file_ref idref="fl-26"/>
      </object_component>
      <object_component id="oc-75">
         <name>.int48</name>
         <load_address>0xffe0</load_address>
         <run_address>0xffe0</run_address>
         <size>0x2</size>
         <input_file_ref idref="fl-27"/>
      </object_component>
      <object_component id="oc-76">
         <name>.int49</name>
         <load_address>0xffe2</load_address>
         <run_address>0xffe2</run_address>
         <size>0x2</size>
         <input_file_ref idref="fl-28"/>
      </object_component>
      <object_component id="oc-77">
         <name>.int50</name>
         <load_address>0xffe4</load_address>
         <run_address>0xffe4</run_address>
         <size>0x2</size>
         <input_file_ref idref="fl-29"/>
      </object_component>
      <object_component id="oc-78">
         <name>.int51</name>
         <load_address>0xffe6</load_address>
         <run_address>0xffe6</run_address>
         <size>0x2</size>
         <input_file_ref idref="fl-2a"/>
      </object_component>
      <object_component id="oc-79">
         <name>.int52</name>
         <load_address>0xffe8</load_address>
         <run_address>0xffe8</run_address>
         <size>0x2</size>
         <input_file_ref idref="fl-2b"/>
      </object_component>
      <object_component id="oc-7a">
         <name>.int53</name>
         <load_address>0xffea</load_address>
         <run_address>0xffea</run_address>
         <size>0x2</size>
         <input_file_ref idref="fl-2c"/>
      </object_component>
      <object_component id="oc-7b">
         <name>.int54</name>
         <load_address>0xffec</load_address>
         <run_address>0xffec</run_address>
         <size>0x2</size>
         <input_file_ref idref="fl-2d"/>
      </object_component>
      <object_component id="oc-7c">
         <name>.int55</name>
         <load_address>0xffee</load_address>
         <run_address>0xffee</run_address>
         <size>0x2</size>
         <input_file_ref idref="fl-2e"/>
      </object_component>
      <object_component id="oc-7d">
         <name>.int56</name>
         <load_address>0xfff0</load_address>
         <run_address>0xfff0</run_address>
         <size>0x2</size>
         <input_file_ref idref="fl-2f"/>
      </object_component>
      <object_component id="oc-7e">
         <name>.int57</name>
         <load_address>0xfff2</load_address>
         <run_address>0xfff2</run_address>
         <size>0x2</size>
         <input_file_ref idref="fl-30"/>
      </object_component>
      <object_component id="oc-7f">
         <name>.int58</name>
         <load_address>0xfff4</load_address>
         <run_address>0xfff4</run_address>
         <size>0x2</size>
         <input_file_ref idref="fl-31"/>
      </object_component>
      <object_component id="oc-80">
         <name>.int59</name>
         <load_address>0xfff6</load_address>
         <run_address>0xfff6</run_address>
         <size>0x2</size>
         <input_file_ref idref="fl-32"/>
      </object_component>
      <object_component id="oc-81">
         <name>.int60</name>
         <load_address>0xfff8</load_address>
         <run_address>0xfff8</run_address>
         <size>0x2</size>
         <input_file_ref idref="fl-33"/>
      </object_component>
      <object_component id="oc-82">
         <name>.int61</name>
         <load_address>0xfffa</load_address>
         <run_address>0xfffa</run_address>
         <size>0x2</size>
         <input_file_ref idref="fl-34"/>
      </object_component>
      <object_component id="oc-83">
         <name>.int62</name>
         <load_address>0xfffc</load_address>
         <run_address>0xfffc</run_address>
         <size>0x2</size>
         <input_file_ref idref="fl-35"/>
      </object_component>
      <object_component id="oc-2c4">
         <name>.reset</name>
         <load_address>0xfffe</load_address>
         <run_address>0xfffe</run_address>
         <size>0x2</size>
         <input_file_ref idref="fl-3c"/>
      </object_component>
      <object_component id="oc-37a">
         <name>.debug_info</name>
         <load_address>0x0</load_address>
         <run_address>0x0</run_address>
         <size>0x131</size>
         <input_file_ref idref="fl-1"/>
      </object_component>
      <object_component id="oc-3c7">
         <name>.debug_info</name>
         <load_address>0x131</load_address>
         <run_address>0x131</run_address>
         <size>0x95</size>
         <input_file_ref idref="fl-1"/>
      </object_component>
      <object_component id="oc-2cb">
         <name>.debug_info</name>
         <load_address>0x1c6</load_address>
         <run_address>0x1c6</run_address>
         <size>0x84</size>
         <input_file_ref idref="fl-1"/>
      </object_component>
      <object_component id="oc-3d6">
         <name>.debug_info</name>
         <load_address>0x24a</load_address>
         <run_address>0x24a</run_address>
         <size>0x10e</size>
         <input_file_ref idref="fl-2"/>
      </object_component>
      <object_component id="oc-3d0">
         <name>.debug_info</name>
         <load_address>0x358</load_address>
         <run_address>0x358</run_address>
         <size>0x10c</size>
         <input_file_ref idref="fl-2"/>
      </object_component>
      <object_component id="oc-3dc">
         <name>.debug_info</name>
         <load_address>0x464</load_address>
         <run_address>0x464</run_address>
         <size>0x10a</size>
         <input_file_ref idref="fl-2"/>
      </object_component>
      <object_component id="oc-3e2">
         <name>.debug_info</name>
         <load_address>0x56e</load_address>
         <run_address>0x56e</run_address>
         <size>0x2a9</size>
         <input_file_ref idref="fl-3"/>
      </object_component>
      <object_component id="oc-35f">
         <name>.debug_info</name>
         <load_address>0x817</load_address>
         <run_address>0x817</run_address>
         <size>0x149</size>
         <input_file_ref idref="fl-3"/>
      </object_component>
      <object_component id="oc-3e8">
         <name>.debug_info</name>
         <load_address>0x960</load_address>
         <run_address>0x960</run_address>
         <size>0x123</size>
         <input_file_ref idref="fl-3"/>
      </object_component>
      <object_component id="oc-3eb">
         <name>.debug_info</name>
         <load_address>0xa83</load_address>
         <run_address>0xa83</run_address>
         <size>0x132</size>
         <input_file_ref idref="fl-3"/>
      </object_component>
      <object_component id="oc-368">
         <name>.debug_info</name>
         <load_address>0xbb5</load_address>
         <run_address>0xbb5</run_address>
         <size>0x130</size>
         <input_file_ref idref="fl-3"/>
      </object_component>
      <object_component id="oc-380">
         <name>.debug_info</name>
         <load_address>0xce5</load_address>
         <run_address>0xce5</run_address>
         <size>0x14a</size>
         <input_file_ref idref="fl-3"/>
      </object_component>
      <object_component id="oc-374">
         <name>.debug_info</name>
         <load_address>0xe2f</load_address>
         <run_address>0xe2f</run_address>
         <size>0x126</size>
         <input_file_ref idref="fl-3"/>
      </object_component>
      <object_component id="oc-362">
         <name>.debug_info</name>
         <load_address>0xf55</load_address>
         <run_address>0xf55</run_address>
         <size>0x128</size>
         <input_file_ref idref="fl-3"/>
      </object_component>
      <object_component id="oc-36e">
         <name>.debug_info</name>
         <load_address>0x107d</load_address>
         <run_address>0x107d</run_address>
         <size>0x130</size>
         <input_file_ref idref="fl-3"/>
      </object_component>
      <object_component id="oc-358">
         <name>.debug_info</name>
         <load_address>0x11ad</load_address>
         <run_address>0x11ad</run_address>
         <size>0x250</size>
         <input_file_ref idref="fl-4"/>
      </object_component>
      <object_component id="oc-336">
         <name>.debug_info</name>
         <load_address>0x13fd</load_address>
         <run_address>0x13fd</run_address>
         <size>0x1df</size>
         <input_file_ref idref="fl-4"/>
      </object_component>
      <object_component id="oc-2dd">
         <name>.debug_info</name>
         <load_address>0x15dc</load_address>
         <run_address>0x15dc</run_address>
         <size>0x10f</size>
         <input_file_ref idref="fl-36"/>
      </object_component>
      <object_component id="oc-2c2">
         <name>.debug_info</name>
         <load_address>0x16eb</load_address>
         <run_address>0x16eb</run_address>
         <size>0x100</size>
         <input_file_ref idref="fl-3c"/>
      </object_component>
      <object_component id="oc-2f4">
         <name>.debug_info</name>
         <load_address>0x17eb</load_address>
         <run_address>0x17eb</run_address>
         <size>0x17a</size>
         <input_file_ref idref="fl-3c"/>
      </object_component>
      <object_component id="oc-40b">
         <name>.debug_info</name>
         <load_address>0x1965</load_address>
         <run_address>0x1965</run_address>
         <size>0x409</size>
         <input_file_ref idref="fl-3d"/>
      </object_component>
      <object_component id="oc-393">
         <name>.debug_info</name>
         <load_address>0x1d6e</load_address>
         <run_address>0x1d6e</run_address>
         <size>0x1e5</size>
         <input_file_ref idref="fl-3d"/>
      </object_component>
      <object_component id="oc-443">
         <name>.debug_info</name>
         <load_address>0x1f53</load_address>
         <run_address>0x1f53</run_address>
         <size>0x39</size>
         <input_file_ref idref="fl-3d"/>
      </object_component>
      <object_component id="oc-45a">
         <name>.debug_info</name>
         <load_address>0x1f8c</load_address>
         <run_address>0x1f8c</run_address>
         <size>0x2c</size>
         <input_file_ref idref="fl-3d"/>
      </object_component>
      <object_component id="oc-416">
         <name>.debug_info</name>
         <load_address>0x1fb8</load_address>
         <run_address>0x1fb8</run_address>
         <size>0x2c</size>
         <input_file_ref idref="fl-3d"/>
      </object_component>
      <object_component id="oc-448">
         <name>.debug_info</name>
         <load_address>0x1fe4</load_address>
         <run_address>0x1fe4</run_address>
         <size>0xcd</size>
         <input_file_ref idref="fl-3d"/>
      </object_component>
      <object_component id="oc-2e2">
         <name>.debug_info</name>
         <load_address>0x20b1</load_address>
         <run_address>0x20b1</run_address>
         <size>0x1d3</size>
         <input_file_ref idref="fl-3e"/>
      </object_component>
      <object_component id="oc-329">
         <name>.debug_info</name>
         <load_address>0x2284</load_address>
         <run_address>0x2284</run_address>
         <size>0x46</size>
         <input_file_ref idref="fl-3e"/>
      </object_component>
      <object_component id="oc-330">
         <name>.debug_info</name>
         <load_address>0x22ca</load_address>
         <run_address>0x22ca</run_address>
         <size>0x153</size>
         <input_file_ref idref="fl-41"/>
      </object_component>
      <object_component id="oc-405">
         <name>.debug_info</name>
         <load_address>0x241d</load_address>
         <run_address>0x241d</run_address>
         <size>0x150</size>
         <input_file_ref idref="fl-42"/>
      </object_component>
      <object_component id="oc-38a">
         <name>.debug_info</name>
         <load_address>0x256d</load_address>
         <run_address>0x256d</run_address>
         <size>0x122</size>
         <input_file_ref idref="fl-45"/>
      </object_component>
      <object_component id="oc-4e7">
         <name>.debug_info</name>
         <load_address>0x268f</load_address>
         <run_address>0x268f</run_address>
         <size>0x9b</size>
      </object_component>
      <object_component id="oc-37d">
         <name>.debug_line</name>
         <load_address>0x0</load_address>
         <run_address>0x0</run_address>
         <size>0x47</size>
         <input_file_ref idref="fl-1"/>
      </object_component>
      <object_component id="oc-3ca">
         <name>.debug_line</name>
         <load_address>0x47</load_address>
         <run_address>0x47</run_address>
         <size>0x51</size>
         <input_file_ref idref="fl-1"/>
      </object_component>
      <object_component id="oc-2ce">
         <name>.debug_line</name>
         <load_address>0x98</load_address>
         <run_address>0x98</run_address>
         <size>0x20</size>
         <input_file_ref idref="fl-1"/>
      </object_component>
      <object_component id="oc-3d3">
         <name>.debug_line</name>
         <load_address>0xb8</load_address>
         <run_address>0xb8</run_address>
         <size>0x43</size>
         <input_file_ref idref="fl-2"/>
      </object_component>
      <object_component id="oc-3cd">
         <name>.debug_line</name>
         <load_address>0xfb</load_address>
         <run_address>0xfb</run_address>
         <size>0x52</size>
         <input_file_ref idref="fl-2"/>
      </object_component>
      <object_component id="oc-3d9">
         <name>.debug_line</name>
         <load_address>0x14d</load_address>
         <run_address>0x14d</run_address>
         <size>0x43</size>
         <input_file_ref idref="fl-2"/>
      </object_component>
      <object_component id="oc-429">
         <name>.debug_line</name>
         <load_address>0x190</load_address>
         <run_address>0x190</run_address>
         <size>0xae</size>
         <input_file_ref idref="fl-3"/>
      </object_component>
      <object_component id="oc-35c">
         <name>.debug_line</name>
         <load_address>0x23e</load_address>
         <run_address>0x23e</run_address>
         <size>0x4c</size>
         <input_file_ref idref="fl-3"/>
      </object_component>
      <object_component id="oc-3e5">
         <name>.debug_line</name>
         <load_address>0x28a</load_address>
         <run_address>0x28a</run_address>
         <size>0x4b</size>
         <input_file_ref idref="fl-3"/>
      </object_component>
      <object_component id="oc-3ee">
         <name>.debug_line</name>
         <load_address>0x2d5</load_address>
         <run_address>0x2d5</run_address>
         <size>0x4a</size>
         <input_file_ref idref="fl-3"/>
      </object_component>
      <object_component id="oc-36b">
         <name>.debug_line</name>
         <load_address>0x31f</load_address>
         <run_address>0x31f</run_address>
         <size>0x4a</size>
         <input_file_ref idref="fl-3"/>
      </object_component>
      <object_component id="oc-383">
         <name>.debug_line</name>
         <load_address>0x369</load_address>
         <run_address>0x369</run_address>
         <size>0x5d</size>
         <input_file_ref idref="fl-3"/>
      </object_component>
      <object_component id="oc-377">
         <name>.debug_line</name>
         <load_address>0x3c6</load_address>
         <run_address>0x3c6</run_address>
         <size>0x4d</size>
         <input_file_ref idref="fl-3"/>
      </object_component>
      <object_component id="oc-365">
         <name>.debug_line</name>
         <load_address>0x413</load_address>
         <run_address>0x413</run_address>
         <size>0x4d</size>
         <input_file_ref idref="fl-3"/>
      </object_component>
      <object_component id="oc-371">
         <name>.debug_line</name>
         <load_address>0x460</load_address>
         <run_address>0x460</run_address>
         <size>0x53</size>
         <input_file_ref idref="fl-3"/>
      </object_component>
      <object_component id="oc-3c6">
         <name>.debug_line</name>
         <load_address>0x4b3</load_address>
         <run_address>0x4b3</run_address>
         <size>0x7c</size>
         <input_file_ref idref="fl-4"/>
      </object_component>
      <object_component id="oc-339">
         <name>.debug_line</name>
         <load_address>0x52f</load_address>
         <run_address>0x52f</run_address>
         <size>0x6b</size>
         <input_file_ref idref="fl-4"/>
      </object_component>
      <object_component id="oc-2e0">
         <name>.debug_line</name>
         <load_address>0x59a</load_address>
         <run_address>0x59a</run_address>
         <size>0x3d</size>
         <input_file_ref idref="fl-36"/>
      </object_component>
      <object_component id="oc-31e">
         <name>.debug_line</name>
         <load_address>0x5d7</load_address>
         <run_address>0x5d7</run_address>
         <size>0x2a</size>
         <input_file_ref idref="fl-3c"/>
      </object_component>
      <object_component id="oc-2f7">
         <name>.debug_line</name>
         <load_address>0x601</load_address>
         <run_address>0x601</run_address>
         <size>0x46</size>
         <input_file_ref idref="fl-3c"/>
      </object_component>
      <object_component id="oc-442">
         <name>.debug_line</name>
         <load_address>0x647</load_address>
         <run_address>0x647</run_address>
         <size>0xbf</size>
         <input_file_ref idref="fl-3d"/>
      </object_component>
      <object_component id="oc-396">
         <name>.debug_line</name>
         <load_address>0x706</load_address>
         <run_address>0x706</run_address>
         <size>0x75</size>
         <input_file_ref idref="fl-3d"/>
      </object_component>
      <object_component id="oc-446">
         <name>.debug_line</name>
         <load_address>0x77b</load_address>
         <run_address>0x77b</run_address>
         <size>0x2e</size>
         <input_file_ref idref="fl-3d"/>
      </object_component>
      <object_component id="oc-45d">
         <name>.debug_line</name>
         <load_address>0x7a9</load_address>
         <run_address>0x7a9</run_address>
         <size>0x9a</size>
         <input_file_ref idref="fl-3d"/>
      </object_component>
      <object_component id="oc-419">
         <name>.debug_line</name>
         <load_address>0x843</load_address>
         <run_address>0x843</run_address>
         <size>0x97</size>
         <input_file_ref idref="fl-3d"/>
      </object_component>
      <object_component id="oc-44b">
         <name>.debug_line</name>
         <load_address>0x8da</load_address>
         <run_address>0x8da</run_address>
         <size>0x93</size>
         <input_file_ref idref="fl-3d"/>
      </object_component>
      <object_component id="oc-2e5">
         <name>.debug_line</name>
         <load_address>0x96d</load_address>
         <run_address>0x96d</run_address>
         <size>0x53</size>
         <input_file_ref idref="fl-3e"/>
      </object_component>
      <object_component id="oc-32c">
         <name>.debug_line</name>
         <load_address>0x9c0</load_address>
         <run_address>0x9c0</run_address>
         <size>0x34</size>
         <input_file_ref idref="fl-3e"/>
      </object_component>
      <object_component id="oc-333">
         <name>.debug_line</name>
         <load_address>0x9f4</load_address>
         <run_address>0x9f4</run_address>
         <size>0x3e</size>
         <input_file_ref idref="fl-41"/>
      </object_component>
      <object_component id="oc-408">
         <name>.debug_line</name>
         <load_address>0xa32</load_address>
         <run_address>0xa32</run_address>
         <size>0x3a</size>
         <input_file_ref idref="fl-42"/>
      </object_component>
      <object_component id="oc-387">
         <name>.debug_line</name>
         <load_address>0xa6c</load_address>
         <run_address>0xa6c</run_address>
         <size>0x3d</size>
         <input_file_ref idref="fl-45"/>
      </object_component>
      <object_component id="oc-37e">
         <name>.debug_frame</name>
         <load_address>0x0</load_address>
         <run_address>0x0</run_address>
         <size>0x3c</size>
         <input_file_ref idref="fl-1"/>
      </object_component>
      <object_component id="oc-3d4">
         <name>.debug_frame</name>
         <load_address>0x3c</load_address>
         <run_address>0x3c</run_address>
         <size>0x3c</size>
         <input_file_ref idref="fl-2"/>
      </object_component>
      <object_component id="oc-3ce">
         <name>.debug_frame</name>
         <load_address>0x78</load_address>
         <run_address>0x78</run_address>
         <size>0x3c</size>
         <input_file_ref idref="fl-2"/>
      </object_component>
      <object_component id="oc-3da">
         <name>.debug_frame</name>
         <load_address>0xb4</load_address>
         <run_address>0xb4</run_address>
         <size>0x3c</size>
         <input_file_ref idref="fl-2"/>
      </object_component>
      <object_component id="oc-35d">
         <name>.debug_frame</name>
         <load_address>0xf0</load_address>
         <run_address>0xf0</run_address>
         <size>0x3c</size>
         <input_file_ref idref="fl-3"/>
      </object_component>
      <object_component id="oc-3e6">
         <name>.debug_frame</name>
         <load_address>0x12c</load_address>
         <run_address>0x12c</run_address>
         <size>0x3c</size>
         <input_file_ref idref="fl-3"/>
      </object_component>
      <object_component id="oc-3ef">
         <name>.debug_frame</name>
         <load_address>0x168</load_address>
         <run_address>0x168</run_address>
         <size>0x3c</size>
         <input_file_ref idref="fl-3"/>
      </object_component>
      <object_component id="oc-36c">
         <name>.debug_frame</name>
         <load_address>0x1a4</load_address>
         <run_address>0x1a4</run_address>
         <size>0x3c</size>
         <input_file_ref idref="fl-3"/>
      </object_component>
      <object_component id="oc-384">
         <name>.debug_frame</name>
         <load_address>0x1e0</load_address>
         <run_address>0x1e0</run_address>
         <size>0x3c</size>
         <input_file_ref idref="fl-3"/>
      </object_component>
      <object_component id="oc-378">
         <name>.debug_frame</name>
         <load_address>0x21c</load_address>
         <run_address>0x21c</run_address>
         <size>0x3c</size>
         <input_file_ref idref="fl-3"/>
      </object_component>
      <object_component id="oc-366">
         <name>.debug_frame</name>
         <load_address>0x258</load_address>
         <run_address>0x258</run_address>
         <size>0x3c</size>
         <input_file_ref idref="fl-3"/>
      </object_component>
      <object_component id="oc-372">
         <name>.debug_frame</name>
         <load_address>0x294</load_address>
         <run_address>0x294</run_address>
         <size>0x40</size>
         <input_file_ref idref="fl-3"/>
      </object_component>
      <object_component id="oc-33a">
         <name>.debug_frame</name>
         <load_address>0x2d4</load_address>
         <run_address>0x2d4</run_address>
         <size>0x3c</size>
         <input_file_ref idref="fl-4"/>
      </object_component>
      <object_component id="oc-2f8">
         <name>.debug_frame</name>
         <load_address>0x310</load_address>
         <run_address>0x310</run_address>
         <size>0x34</size>
         <input_file_ref idref="fl-3c"/>
      </object_component>
      <object_component id="oc-397">
         <name>.debug_frame</name>
         <load_address>0x344</load_address>
         <run_address>0x344</run_address>
         <size>0x48</size>
         <input_file_ref idref="fl-3d"/>
      </object_component>
      <object_component id="oc-2e6">
         <name>.debug_frame</name>
         <load_address>0x38c</load_address>
         <run_address>0x38c</run_address>
         <size>0x44</size>
         <input_file_ref idref="fl-3e"/>
      </object_component>
      <object_component id="oc-334">
         <name>.debug_frame</name>
         <load_address>0x3d0</load_address>
         <run_address>0x3d0</run_address>
         <size>0x3c</size>
         <input_file_ref idref="fl-41"/>
      </object_component>
      <object_component id="oc-409">
         <name>.debug_frame</name>
         <load_address>0x40c</load_address>
         <run_address>0x40c</run_address>
         <size>0x3c</size>
         <input_file_ref idref="fl-42"/>
      </object_component>
      <object_component id="oc-388">
         <name>.debug_frame</name>
         <load_address>0x448</load_address>
         <run_address>0x448</run_address>
         <size>0x3c</size>
         <input_file_ref idref="fl-45"/>
      </object_component>
      <object_component id="oc-3f0">
         <name>.debug_abbrev</name>
         <load_address>0x0</load_address>
         <run_address>0x0</run_address>
         <size>0x5e</size>
         <input_file_ref idref="fl-1"/>
      </object_component>
      <object_component id="oc-3c9">
         <name>.debug_abbrev</name>
         <load_address>0x5e</load_address>
         <run_address>0x5e</run_address>
         <size>0x33</size>
         <input_file_ref idref="fl-1"/>
      </object_component>
      <object_component id="oc-2cd">
         <name>.debug_abbrev</name>
         <load_address>0x91</load_address>
         <run_address>0x91</run_address>
         <size>0x1f</size>
         <input_file_ref idref="fl-1"/>
      </object_component>
      <object_component id="oc-426">
         <name>.debug_abbrev</name>
         <load_address>0xb0</load_address>
         <run_address>0xb0</run_address>
         <size>0x50</size>
         <input_file_ref idref="fl-2"/>
      </object_component>
      <object_component id="oc-425">
         <name>.debug_abbrev</name>
         <load_address>0x100</load_address>
         <run_address>0x100</run_address>
         <size>0x50</size>
         <input_file_ref idref="fl-2"/>
      </object_component>
      <object_component id="oc-427">
         <name>.debug_abbrev</name>
         <load_address>0x150</load_address>
         <run_address>0x150</run_address>
         <size>0x50</size>
         <input_file_ref idref="fl-2"/>
      </object_component>
      <object_component id="oc-428">
         <name>.debug_abbrev</name>
         <load_address>0x1a0</load_address>
         <run_address>0x1a0</run_address>
         <size>0x7e</size>
         <input_file_ref idref="fl-3"/>
      </object_component>
      <object_component id="oc-3de">
         <name>.debug_abbrev</name>
         <load_address>0x21e</load_address>
         <run_address>0x21e</run_address>
         <size>0x5e</size>
         <input_file_ref idref="fl-3"/>
      </object_component>
      <object_component id="oc-42a">
         <name>.debug_abbrev</name>
         <load_address>0x27c</load_address>
         <run_address>0x27c</run_address>
         <size>0x60</size>
         <input_file_ref idref="fl-3"/>
      </object_component>
      <object_component id="oc-42b">
         <name>.debug_abbrev</name>
         <load_address>0x2dc</load_address>
         <run_address>0x2dc</run_address>
         <size>0x6c</size>
         <input_file_ref idref="fl-3"/>
      </object_component>
      <object_component id="oc-3e0">
         <name>.debug_abbrev</name>
         <load_address>0x348</load_address>
         <run_address>0x348</run_address>
         <size>0x6c</size>
         <input_file_ref idref="fl-3"/>
      </object_component>
      <object_component id="oc-3f1">
         <name>.debug_abbrev</name>
         <load_address>0x3b4</load_address>
         <run_address>0x3b4</run_address>
         <size>0x6c</size>
         <input_file_ref idref="fl-3"/>
      </object_component>
      <object_component id="oc-3e3">
         <name>.debug_abbrev</name>
         <load_address>0x420</load_address>
         <run_address>0x420</run_address>
         <size>0x50</size>
         <input_file_ref idref="fl-3"/>
      </object_component>
      <object_component id="oc-3df">
         <name>.debug_abbrev</name>
         <load_address>0x470</load_address>
         <run_address>0x470</run_address>
         <size>0x50</size>
         <input_file_ref idref="fl-3"/>
      </object_component>
      <object_component id="oc-3e1">
         <name>.debug_abbrev</name>
         <load_address>0x4c0</load_address>
         <run_address>0x4c0</run_address>
         <size>0x6c</size>
         <input_file_ref idref="fl-3"/>
      </object_component>
      <object_component id="oc-3c5">
         <name>.debug_abbrev</name>
         <load_address>0x52c</load_address>
         <run_address>0x52c</run_address>
         <size>0x65</size>
         <input_file_ref idref="fl-4"/>
      </object_component>
      <object_component id="oc-385">
         <name>.debug_abbrev</name>
         <load_address>0x591</load_address>
         <run_address>0x591</run_address>
         <size>0x52</size>
         <input_file_ref idref="fl-4"/>
      </object_component>
      <object_component id="oc-327">
         <name>.debug_abbrev</name>
         <load_address>0x5e3</load_address>
         <run_address>0x5e3</run_address>
         <size>0x28</size>
         <input_file_ref idref="fl-36"/>
      </object_component>
      <object_component id="oc-31d">
         <name>.debug_abbrev</name>
         <load_address>0x60b</load_address>
         <run_address>0x60b</run_address>
         <size>0x29</size>
         <input_file_ref idref="fl-3c"/>
      </object_component>
      <object_component id="oc-33e">
         <name>.debug_abbrev</name>
         <load_address>0x634</load_address>
         <run_address>0x634</run_address>
         <size>0x58</size>
         <input_file_ref idref="fl-3c"/>
      </object_component>
      <object_component id="oc-441">
         <name>.debug_abbrev</name>
         <load_address>0x68c</load_address>
         <run_address>0x68c</run_address>
         <size>0xd9</size>
         <input_file_ref idref="fl-3d"/>
      </object_component>
      <object_component id="oc-40a">
         <name>.debug_abbrev</name>
         <load_address>0x765</load_address>
         <run_address>0x765</run_address>
         <size>0x7e</size>
         <input_file_ref idref="fl-3d"/>
      </object_component>
      <object_component id="oc-445">
         <name>.debug_abbrev</name>
         <load_address>0x7e3</load_address>
         <run_address>0x7e3</run_address>
         <size>0x24</size>
         <input_file_ref idref="fl-3d"/>
      </object_component>
      <object_component id="oc-45c">
         <name>.debug_abbrev</name>
         <load_address>0x807</load_address>
         <run_address>0x807</run_address>
         <size>0x24</size>
         <input_file_ref idref="fl-3d"/>
      </object_component>
      <object_component id="oc-418">
         <name>.debug_abbrev</name>
         <load_address>0x82b</load_address>
         <run_address>0x82b</run_address>
         <size>0x24</size>
         <input_file_ref idref="fl-3d"/>
      </object_component>
      <object_component id="oc-44a">
         <name>.debug_abbrev</name>
         <load_address>0x84f</load_address>
         <run_address>0x84f</run_address>
         <size>0x4b</size>
         <input_file_ref idref="fl-3d"/>
      </object_component>
      <object_component id="oc-328">
         <name>.debug_abbrev</name>
         <load_address>0x89a</load_address>
         <run_address>0x89a</run_address>
         <size>0x6f</size>
         <input_file_ref idref="fl-3e"/>
      </object_component>
      <object_component id="oc-32b">
         <name>.debug_abbrev</name>
         <load_address>0x909</load_address>
         <run_address>0x909</run_address>
         <size>0x24</size>
         <input_file_ref idref="fl-3e"/>
      </object_component>
      <object_component id="oc-356">
         <name>.debug_abbrev</name>
         <load_address>0x92d</load_address>
         <run_address>0x92d</run_address>
         <size>0x55</size>
         <input_file_ref idref="fl-41"/>
      </object_component>
      <object_component id="oc-440">
         <name>.debug_abbrev</name>
         <load_address>0x982</load_address>
         <run_address>0x982</run_address>
         <size>0x53</size>
         <input_file_ref idref="fl-42"/>
      </object_component>
      <object_component id="oc-3f2">
         <name>.debug_abbrev</name>
         <load_address>0x9d5</load_address>
         <run_address>0x9d5</run_address>
         <size>0x45</size>
         <input_file_ref idref="fl-45"/>
      </object_component>
      <object_component id="oc-4e8">
         <name>.debug_abbrev</name>
         <load_address>0xa1a</load_address>
         <run_address>0xa1a</run_address>
         <size>0xf</size>
      </object_component>
      <object_component id="oc-3cb">
         <name>.debug_str</name>
         <load_address>0x0</load_address>
         <run_address>0x0</run_address>
         <size>0x10f</size>
         <input_file_ref idref="fl-1"/>
      </object_component>
      <object_component id="oc-2cf">
         <name>.debug_str</name>
         <load_address>0x10f</load_address>
         <run_address>0x10f</run_address>
         <size>0xff</size>
         <input_file_ref idref="fl-1"/>
      </object_component>
      <object_component id="oc-447">
         <name>.debug_str</name>
         <load_address>0x20e</load_address>
         <run_address>0x20e</run_address>
         <size>0xed</size>
         <input_file_ref idref="fl-3d"/>
      </object_component>
      <object_component id="oc-45e">
         <name>.debug_str</name>
         <load_address>0x2fb</load_address>
         <run_address>0x2fb</run_address>
         <size>0x14c</size>
         <input_file_ref idref="fl-3d"/>
      </object_component>
      <object_component id="oc-41a">
         <name>.debug_str</name>
         <load_address>0x447</load_address>
         <run_address>0x447</run_address>
         <size>0x147</size>
         <input_file_ref idref="fl-3d"/>
      </object_component>
      <object_component id="oc-44c">
         <name>.debug_str</name>
         <load_address>0x58e</load_address>
         <run_address>0x58e</run_address>
         <size>0x197</size>
         <input_file_ref idref="fl-3d"/>
      </object_component>
      <object_component id="oc-32d">
         <name>.debug_str</name>
         <load_address>0x725</load_address>
         <run_address>0x725</run_address>
         <size>0x105</size>
         <input_file_ref idref="fl-3e"/>
      </object_component>
      <object_component id="oc-37b">
         <name>.debug_aranges</name>
         <load_address>0x0</load_address>
         <run_address>0x0</run_address>
         <size>0x20</size>
         <input_file_ref idref="fl-1"/>
      </object_component>
      <object_component id="oc-3d5">
         <name>.debug_aranges</name>
         <load_address>0x20</load_address>
         <run_address>0x20</run_address>
         <size>0x20</size>
         <input_file_ref idref="fl-2"/>
      </object_component>
      <object_component id="oc-3cf">
         <name>.debug_aranges</name>
         <load_address>0x40</load_address>
         <run_address>0x40</run_address>
         <size>0x20</size>
         <input_file_ref idref="fl-2"/>
      </object_component>
      <object_component id="oc-3db">
         <name>.debug_aranges</name>
         <load_address>0x60</load_address>
         <run_address>0x60</run_address>
         <size>0x20</size>
         <input_file_ref idref="fl-2"/>
      </object_component>
      <object_component id="oc-35e">
         <name>.debug_aranges</name>
         <load_address>0x80</load_address>
         <run_address>0x80</run_address>
         <size>0x20</size>
         <input_file_ref idref="fl-3"/>
      </object_component>
      <object_component id="oc-3e7">
         <name>.debug_aranges</name>
         <load_address>0xa0</load_address>
         <run_address>0xa0</run_address>
         <size>0x20</size>
         <input_file_ref idref="fl-3"/>
      </object_component>
      <object_component id="oc-3ed">
         <name>.debug_aranges</name>
         <load_address>0xc0</load_address>
         <run_address>0xc0</run_address>
         <size>0x20</size>
         <input_file_ref idref="fl-3"/>
      </object_component>
      <object_component id="oc-36a">
         <name>.debug_aranges</name>
         <load_address>0xe0</load_address>
         <run_address>0xe0</run_address>
         <size>0x20</size>
         <input_file_ref idref="fl-3"/>
      </object_component>
      <object_component id="oc-382">
         <name>.debug_aranges</name>
         <load_address>0x100</load_address>
         <run_address>0x100</run_address>
         <size>0x20</size>
         <input_file_ref idref="fl-3"/>
      </object_component>
      <object_component id="oc-376">
         <name>.debug_aranges</name>
         <load_address>0x120</load_address>
         <run_address>0x120</run_address>
         <size>0x20</size>
         <input_file_ref idref="fl-3"/>
      </object_component>
      <object_component id="oc-364">
         <name>.debug_aranges</name>
         <load_address>0x140</load_address>
         <run_address>0x140</run_address>
         <size>0x20</size>
         <input_file_ref idref="fl-3"/>
      </object_component>
      <object_component id="oc-370">
         <name>.debug_aranges</name>
         <load_address>0x160</load_address>
         <run_address>0x160</run_address>
         <size>0x20</size>
         <input_file_ref idref="fl-3"/>
      </object_component>
      <object_component id="oc-337">
         <name>.debug_aranges</name>
         <load_address>0x180</load_address>
         <run_address>0x180</run_address>
         <size>0x20</size>
         <input_file_ref idref="fl-4"/>
      </object_component>
      <object_component id="oc-2de">
         <name>.debug_aranges</name>
         <load_address>0x1a0</load_address>
         <run_address>0x1a0</run_address>
         <size>0x20</size>
         <input_file_ref idref="fl-36"/>
      </object_component>
      <object_component id="oc-2f5">
         <name>.debug_aranges</name>
         <load_address>0x1c0</load_address>
         <run_address>0x1c0</run_address>
         <size>0x20</size>
         <input_file_ref idref="fl-3c"/>
      </object_component>
      <object_component id="oc-395">
         <name>.debug_aranges</name>
         <load_address>0x1e0</load_address>
         <run_address>0x1e0</run_address>
         <size>0x20</size>
         <input_file_ref idref="fl-3d"/>
      </object_component>
      <object_component id="oc-2e3">
         <name>.debug_aranges</name>
         <load_address>0x200</load_address>
         <run_address>0x200</run_address>
         <size>0x20</size>
         <input_file_ref idref="fl-3e"/>
      </object_component>
      <object_component id="oc-332">
         <name>.debug_aranges</name>
         <load_address>0x220</load_address>
         <run_address>0x220</run_address>
         <size>0x20</size>
         <input_file_ref idref="fl-41"/>
      </object_component>
      <object_component id="oc-406">
         <name>.debug_aranges</name>
         <load_address>0x240</load_address>
         <run_address>0x240</run_address>
         <size>0x20</size>
         <input_file_ref idref="fl-42"/>
      </object_component>
      <object_component id="oc-389">
         <name>.debug_aranges</name>
         <load_address>0x260</load_address>
         <run_address>0x260</run_address>
         <size>0x20</size>
         <input_file_ref idref="fl-45"/>
      </object_component>
      <object_component id="oc-37c">
         <name>.debug_pubnames</name>
         <load_address>0x0</load_address>
         <run_address>0x0</run_address>
         <size>0x24</size>
         <input_file_ref idref="fl-1"/>
      </object_component>
      <object_component id="oc-3d7">
         <name>.debug_pubnames</name>
         <load_address>0x24</load_address>
         <run_address>0x24</run_address>
         <size>0x22</size>
         <input_file_ref idref="fl-2"/>
      </object_component>
      <object_component id="oc-3d1">
         <name>.debug_pubnames</name>
         <load_address>0x46</load_address>
         <run_address>0x46</run_address>
         <size>0x21</size>
         <input_file_ref idref="fl-2"/>
      </object_component>
      <object_component id="oc-3dd">
         <name>.debug_pubnames</name>
         <load_address>0x67</load_address>
         <run_address>0x67</run_address>
         <size>0x20</size>
         <input_file_ref idref="fl-2"/>
      </object_component>
      <object_component id="oc-360">
         <name>.debug_pubnames</name>
         <load_address>0x87</load_address>
         <run_address>0x87</run_address>
         <size>0x20</size>
         <input_file_ref idref="fl-3"/>
      </object_component>
      <object_component id="oc-3e9">
         <name>.debug_pubnames</name>
         <load_address>0xa7</load_address>
         <run_address>0xa7</run_address>
         <size>0x1e</size>
         <input_file_ref idref="fl-3"/>
      </object_component>
      <object_component id="oc-3ec">
         <name>.debug_pubnames</name>
         <load_address>0xc5</load_address>
         <run_address>0xc5</run_address>
         <size>0x21</size>
         <input_file_ref idref="fl-3"/>
      </object_component>
      <object_component id="oc-369">
         <name>.debug_pubnames</name>
         <load_address>0xe6</load_address>
         <run_address>0xe6</run_address>
         <size>0x1e</size>
         <input_file_ref idref="fl-3"/>
      </object_component>
      <object_component id="oc-381">
         <name>.debug_pubnames</name>
         <load_address>0x104</load_address>
         <run_address>0x104</run_address>
         <size>0x1f</size>
         <input_file_ref idref="fl-3"/>
      </object_component>
      <object_component id="oc-375">
         <name>.debug_pubnames</name>
         <load_address>0x123</load_address>
         <run_address>0x123</run_address>
         <size>0x28</size>
         <input_file_ref idref="fl-3"/>
      </object_component>
      <object_component id="oc-363">
         <name>.debug_pubnames</name>
         <load_address>0x14b</load_address>
         <run_address>0x14b</run_address>
         <size>0x29</size>
         <input_file_ref idref="fl-3"/>
      </object_component>
      <object_component id="oc-36f">
         <name>.debug_pubnames</name>
         <load_address>0x174</load_address>
         <run_address>0x174</run_address>
         <size>0x1c</size>
         <input_file_ref idref="fl-3"/>
      </object_component>
      <object_component id="oc-359">
         <name>.debug_pubnames</name>
         <load_address>0x190</load_address>
         <run_address>0x190</run_address>
         <size>0x29</size>
         <input_file_ref idref="fl-4"/>
      </object_component>
      <object_component id="oc-338">
         <name>.debug_pubnames</name>
         <load_address>0x1b9</load_address>
         <run_address>0x1b9</run_address>
         <size>0x1b</size>
         <input_file_ref idref="fl-4"/>
      </object_component>
      <object_component id="oc-2df">
         <name>.debug_pubnames</name>
         <load_address>0x1d4</load_address>
         <run_address>0x1d4</run_address>
         <size>0x2b</size>
         <input_file_ref idref="fl-36"/>
      </object_component>
      <object_component id="oc-2c3">
         <name>.debug_pubnames</name>
         <load_address>0x1ff</load_address>
         <run_address>0x1ff</run_address>
         <size>0x1d</size>
         <input_file_ref idref="fl-3c"/>
      </object_component>
      <object_component id="oc-2f6">
         <name>.debug_pubnames</name>
         <load_address>0x21c</load_address>
         <run_address>0x21c</run_address>
         <size>0x26</size>
         <input_file_ref idref="fl-3c"/>
      </object_component>
      <object_component id="oc-394">
         <name>.debug_pubnames</name>
         <load_address>0x242</load_address>
         <run_address>0x242</run_address>
         <size>0x35</size>
         <input_file_ref idref="fl-3d"/>
      </object_component>
      <object_component id="oc-2e4">
         <name>.debug_pubnames</name>
         <load_address>0x277</load_address>
         <run_address>0x277</run_address>
         <size>0x2e</size>
         <input_file_ref idref="fl-3e"/>
      </object_component>
      <object_component id="oc-331">
         <name>.debug_pubnames</name>
         <load_address>0x2a5</load_address>
         <run_address>0x2a5</run_address>
         <size>0x27</size>
         <input_file_ref idref="fl-41"/>
      </object_component>
      <object_component id="oc-407">
         <name>.debug_pubnames</name>
         <load_address>0x2cc</load_address>
         <run_address>0x2cc</run_address>
         <size>0x29</size>
         <input_file_ref idref="fl-42"/>
      </object_component>
      <object_component id="oc-38b">
         <name>.debug_pubnames</name>
         <load_address>0x2f5</load_address>
         <run_address>0x2f5</run_address>
         <size>0x1c</size>
         <input_file_ref idref="fl-45"/>
      </object_component>
      <object_component id="oc-3c8">
         <name>.debug_pubtypes</name>
         <load_address>0x0</load_address>
         <run_address>0x0</run_address>
         <size>0x2b</size>
         <input_file_ref idref="fl-1"/>
      </object_component>
      <object_component id="oc-2cc">
         <name>.debug_pubtypes</name>
         <load_address>0x2b</load_address>
         <run_address>0x2b</run_address>
         <size>0xed</size>
         <input_file_ref idref="fl-1"/>
      </object_component>
      <object_component id="oc-444">
         <name>.debug_pubtypes</name>
         <load_address>0x118</load_address>
         <run_address>0x118</run_address>
         <size>0x32</size>
         <input_file_ref idref="fl-3d"/>
      </object_component>
      <object_component id="oc-45b">
         <name>.debug_pubtypes</name>
         <load_address>0x14a</load_address>
         <run_address>0x14a</run_address>
         <size>0x21</size>
         <input_file_ref idref="fl-3d"/>
      </object_component>
      <object_component id="oc-417">
         <name>.debug_pubtypes</name>
         <load_address>0x16b</load_address>
         <run_address>0x16b</run_address>
         <size>0x1f</size>
         <input_file_ref idref="fl-3d"/>
      </object_component>
      <object_component id="oc-449">
         <name>.debug_pubtypes</name>
         <load_address>0x18a</load_address>
         <run_address>0x18a</run_address>
         <size>0x50</size>
         <input_file_ref idref="fl-3d"/>
      </object_component>
      <object_component id="oc-32a">
         <name>.debug_pubtypes</name>
         <load_address>0x1da</load_address>
         <run_address>0x1da</run_address>
         <size>0x48</size>
         <input_file_ref idref="fl-3e"/>
      </object_component>
   </object_component_list>
   <logical_group_list>
      <logical_group id="lg-2" display="no" color="cyan">
         <name>.bss</name>
         <run_address>0x1c00</run_address>
         <size>0x4</size>
         <contents>
            <object_component_ref idref="oc-357"/>
            <object_component_ref idref="oc-35a"/>
         </contents>
      </logical_group>
      <logical_group id="lg-3" display="no" color="cyan">
         <name>.data</name>
         <run_address>0x0</run_address>
         <size>0x0</size>
         <contents>
         </contents>
      </logical_group>
      <logical_group id="lg-4" display="no" color="cyan">
         <name>.TI.noinit</name>
         <run_address>0x0</run_address>
         <size>0x0</size>
         <contents>
         </contents>
      </logical_group>
      <logical_group id="lg-5" display="no" color="cyan">
         <name>.sysmem</name>
         <run_address>0x0</run_address>
         <size>0x0</size>
         <contents>
         </contents>
      </logical_group>
      <logical_group id="lg-6" display="no" color="cyan">
         <name>.stack</name>
         <run_address>0x23ac</run_address>
         <size>0x50</size>
         <contents>
            <object_component_ref idref="oc-2c1"/>
            <object_component_ref idref="oc-4e6"/>
         </contents>
      </logical_group>
      <logical_group id="lg-7" display="no" color="cyan">
         <name>.text</name>
         <load_address>0xe000</load_address>
         <run_address>0xe000</run_address>
         <size>0x204</size>
         <contents>
            <object_component_ref idref="oc-335"/>
            <object_component_ref idref="oc-392"/>
            <object_component_ref idref="oc-3cc"/>
            <object_component_ref idref="oc-2e1"/>
            <object_component_ref idref="oc-37f"/>
            <object_component_ref idref="oc-2f3"/>
            <object_component_ref idref="oc-36d"/>
            <object_component_ref idref="oc-35b"/>
            <object_component_ref idref="oc-379"/>
            <object_component_ref idref="oc-3e4"/>
            <object_component_ref idref="oc-2dc"/>
            <object_component_ref idref="oc-373"/>
            <object_component_ref idref="oc-386"/>
            <object_component_ref idref="oc-361"/>
            <object_component_ref idref="oc-367"/>
            <object_component_ref idref="oc-3ea"/>
            <object_component_ref idref="oc-32f"/>
            <object_component_ref idref="oc-3d8"/>
            <object_component_ref idref="oc-3d2"/>
            <object_component_ref idref="oc-404"/>
         </contents>
      </logical_group>
      <logical_group id="lg-8" display="no" color="cyan">
         <name>.cinit</name>
         <load_address>0xe204</load_address>
         <run_address>0xe204</run_address>
         <size>0x12</size>
         <contents>
            <object_component_ref idref="oc-4e5"/>
            <object_component_ref idref="oc-4e3"/>
            <object_component_ref idref="oc-4e4"/>
         </contents>
      </logical_group>
      <logical_group id="lg-9" display="no" color="cyan">
         <name>.const</name>
         <run_address>0x0</run_address>
         <size>0x0</size>
         <contents>
         </contents>
      </logical_group>
      <logical_group id="lg-a" display="no" color="cyan">
         <name>.cio</name>
         <run_address>0x0</run_address>
         <size>0x0</size>
         <contents>
         </contents>
      </logical_group>
      <logical_group id="lg-b" display="no" color="cyan">
         <name>.pinit</name>
         <run_address>0x0</run_address>
         <size>0x0</size>
         <contents>
         </contents>
      </logical_group>
      <logical_group id="lg-c" display="no" color="cyan">
         <name>.binit</name>
         <load_address>0xe000</load_address>
         <run_address>0xe000</run_address>
         <size>0x0</size>
         <contents>
            <object_component_ref idref="oc-476"/>
         </contents>
      </logical_group>
      <logical_group id="lg-d" display="no" color="cyan">
         <name>.init_array</name>
         <run_address>0x0</run_address>
         <size>0x0</size>
         <contents>
         </contents>
      </logical_group>
      <logical_group id="lg-e" display="no" color="cyan">
         <name>.mspabi.exidx</name>
         <run_address>0x0</run_address>
         <size>0x0</size>
         <contents>
         </contents>
      </logical_group>
      <logical_group id="lg-f" display="no" color="cyan">
         <name>.mspabi.extab</name>
         <run_address>0x0</run_address>
         <size>0x0</size>
         <contents>
         </contents>
      </logical_group>
      <logical_group id="lg-10" display="no" color="cyan">
         <name>.TI.ramfunc</name>
         <run_address>0x0</run_address>
         <size>0x0</size>
         <contents>
         </contents>
      </logical_group>
      <logical_group id="lg-11" display="no" color="cyan">
         <name>.infoA</name>
         <run_address>0x0</run_address>
         <size>0x0</size>
         <contents>
         </contents>
      </logical_group>
      <logical_group id="lg-12" display="no" color="cyan">
         <name>.infoB</name>
         <run_address>0x0</run_address>
         <size>0x0</size>
         <contents>
         </contents>
      </logical_group>
      <logical_group id="lg-13" display="no" color="cyan">
         <name>.infoC</name>
         <run_address>0x0</run_address>
         <size>0x0</size>
         <contents>
         </contents>
      </logical_group>
      <logical_group id="lg-14" display="no" color="cyan">
         <name>.infoD</name>
         <run_address>0x0</run_address>
         <size>0x0</size>
         <contents>
         </contents>
      </logical_group>
      <logical_group id="lg-15" display="no" color="cyan">
         <name>.int00</name>
         <run_address>0x0</run_address>
         <size>0x0</size>
         <contents>
         </contents>
      </logical_group>
      <logical_group id="lg-16" display="no" color="cyan">
         <name>.int01</name>
         <run_address>0x0</run_address>
         <size>0x0</size>
         <contents>
         </contents>
      </logical_group>
      <logical_group id="lg-17" display="no" color="cyan">
         <name>.int02</name>
         <run_address>0x0</run_address>
         <size>0x0</size>
         <contents>
         </contents>
      </logical_group>
      <logical_group id="lg-18" display="no" color="cyan">
         <name>.int03</name>
         <run_address>0x0</run_address>
         <size>0x0</size>
         <contents>
         </contents>
      </logical_group>
      <logical_group id="lg-19" display="no" color="cyan">
         <name>.int04</name>
         <run_address>0x0</run_address>
         <size>0x0</size>
         <contents>
         </contents>
      </logical_group>
      <logical_group id="lg-1a" display="no" color="cyan">
         <name>.int05</name>
         <run_address>0x0</run_address>
         <size>0x0</size>
         <contents>
         </contents>
      </logical_group>
      <logical_group id="lg-1b" display="no" color="cyan">
         <name>.int06</name>
         <run_address>0x0</run_address>
         <size>0x0</size>
         <contents>
         </contents>
      </logical_group>
      <logical_group id="lg-1c" display="no" color="cyan">
         <name>.int07</name>
         <run_address>0x0</run_address>
         <size>0x0</size>
         <contents>
         </contents>
      </logical_group>
      <logical_group id="lg-1d" display="no" color="cyan">
         <name>.int08</name>
         <run_address>0x0</run_address>
         <size>0x0</size>
         <contents>
         </contents>
      </logical_group>
      <logical_group id="lg-1e" display="no" color="cyan">
         <name>.int09</name>
         <run_address>0x0</run_address>
         <size>0x0</size>
         <contents>
         </contents>
      </logical_group>
      <logical_group id="lg-1f" display="no" color="cyan">
         <name>.int10</name>
         <run_address>0x0</run_address>
         <size>0x0</size>
         <contents>
         </contents>
      </logical_group>
      <logical_group id="lg-20" display="no" color="cyan">
         <name>.int11</name>
         <run_address>0x0</run_address>
         <size>0x0</size>
         <contents>
         </contents>
      </logical_group>
      <logical_group id="lg-21" display="no" color="cyan">
         <name>.int12</name>
         <run_address>0x0</run_address>
         <size>0x0</size>
         <contents>
         </contents>
      </logical_group>
      <logical_group id="lg-22" display="no" color="cyan">
         <name>.int13</name>
         <run_address>0x0</run_address>
         <size>0x0</size>
         <contents>
         </contents>
      </logical_group>
      <logical_group id="lg-23" display="no" color="cyan">
         <name>.int14</name>
         <run_address>0x0</run_address>
         <size>0x0</size>
         <contents>
         </contents>
      </logical_group>
      <logical_group id="lg-24" display="no" color="cyan">
         <name>.int15</name>
         <run_address>0x0</run_address>
         <size>0x0</size>
         <contents>
         </contents>
      </logical_group>
      <logical_group id="lg-25" display="no" color="cyan">
         <name>.int16</name>
         <run_address>0x0</run_address>
         <size>0x0</size>
         <contents>
         </contents>
      </logical_group>
      <logical_group id="lg-26" display="no" color="cyan">
         <name>.int17</name>
         <run_address>0x0</run_address>
         <size>0x0</size>
         <contents>
         </contents>
      </logical_group>
      <logical_group id="lg-27" display="no" color="cyan">
         <name>.int18</name>
         <run_address>0x0</run_address>
         <size>0x0</size>
         <contents>
         </contents>
      </logical_group>
      <logical_group id="lg-28" display="no" color="cyan">
         <name>.int19</name>
         <run_address>0x0</run_address>
         <size>0x0</size>
         <contents>
         </contents>
      </logical_group>
      <logical_group id="lg-29" display="no" color="cyan">
         <name>.int20</name>
         <run_address>0x0</run_address>
         <size>0x0</size>
         <contents>
         </contents>
      </logical_group>
      <logical_group id="lg-2a" display="no" color="cyan">
         <name>.int21</name>
         <run_address>0x0</run_address>
         <size>0x0</size>
         <contents>
         </contents>
      </logical_group>
      <logical_group id="lg-2b" display="no" color="cyan">
         <name>.int22</name>
         <run_address>0x0</run_address>
         <size>0x0</size>
         <contents>
         </contents>
      </logical_group>
      <logical_group id="lg-2c" display="no" color="cyan">
         <name>.int23</name>
         <run_address>0x0</run_address>
         <size>0x0</size>
         <contents>
         </contents>
      </logical_group>
      <logical_group id="lg-2d" display="no" color="cyan">
         <name>.int24</name>
         <run_address>0x0</run_address>
         <size>0x0</size>
         <contents>
         </contents>
      </logical_group>
      <logical_group id="lg-2e" display="no" color="cyan">
         <name>.int25</name>
         <run_address>0x0</run_address>
         <size>0x0</size>
         <contents>
         </contents>
      </logical_group>
      <logical_group id="lg-2f" display="no" color="cyan">
         <name>.int26</name>
         <run_address>0x0</run_address>
         <size>0x0</size>
         <contents>
         </contents>
      </logical_group>
      <logical_group id="lg-30" display="no" color="cyan">
         <name>.int27</name>
         <run_address>0x0</run_address>
         <size>0x0</size>
         <contents>
         </contents>
      </logical_group>
      <logical_group id="lg-31" display="no" color="cyan">
         <name>.int28</name>
         <run_address>0x0</run_address>
         <size>0x0</size>
         <contents>
         </contents>
      </logical_group>
      <logical_group id="lg-32" display="no" color="cyan">
         <name>.int29</name>
         <run_address>0x0</run_address>
         <size>0x0</size>
         <contents>
         </contents>
      </logical_group>
      <logical_group id="lg-33" display="no" color="cyan">
         <name>.int30</name>
         <run_address>0x0</run_address>
         <size>0x0</size>
         <contents>
         </contents>
      </logical_group>
      <logical_group id="lg-34" display="no" color="cyan">
         <name>.int31</name>
         <run_address>0x0</run_address>
         <size>0x0</size>
         <contents>
         </contents>
      </logical_group>
      <logical_group id="lg-35" display="no" color="cyan">
         <name>.int32</name>
         <run_address>0x0</run_address>
         <size>0x0</size>
         <contents>
         </contents>
      </logical_group>
      <logical_group id="lg-36" display="no" color="cyan">
         <name>.int33</name>
         <run_address>0x0</run_address>
         <size>0x0</size>
         <contents>
         </contents>
      </logical_group>
      <logical_group id="lg-37" display="no" color="cyan">
         <name>.int34</name>
         <run_address>0x0</run_address>
         <size>0x0</size>
         <contents>
         </contents>
      </logical_group>
      <logical_group id="lg-38" display="no" color="cyan">
         <name>.int35</name>
         <run_address>0x0</run_address>
         <size>0x0</size>
         <contents>
         </contents>
      </logical_group>
      <logical_group id="lg-39" display="no" color="cyan">
         <name>.int36</name>
         <run_address>0x0</run_address>
         <size>0x0</size>
         <contents>
         </contents>
      </logical_group>
      <logical_group id="lg-3a" display="no" color="cyan">
         <name>.int37</name>
         <run_address>0x0</run_address>
         <size>0x0</size>
         <contents>
         </contents>
      </logical_group>
      <logical_group id="lg-3b" display="no" color="cyan">
         <name>.int38</name>
         <run_address>0x0</run_address>
         <size>0x0</size>
         <contents>
         </contents>
      </logical_group>
      <logical_group id="lg-3c" display="no" color="cyan">
         <name>.int39</name>
         <run_address>0x0</run_address>
[...]
      </symbol>
      <symbol id="sm-1d0">
         <name>SYSJMBO0_L</name>
         <value>0x18c</value>
      </symbol>
      <symbol id="sm-1d1">
         <name>SYSJMBO0_H</name>
         <value>0x18d</value>
      </symbol>
      <symbol id="sm-1d2">
         <name>SYSJMBO1</name>
         <value>0x18e</value>
      </symbol>
      <symbol id="sm-1d3">
         <name>SYSJMBO1_L</name>
         <value>0x18e</value>
      </symbol>
      <symbol id="sm-1d4">
         <name>SYSJMBO1_H</name>
         <value>0x18f</value>
      </symbol>
      <symbol id="sm-1d5">
         <name>SYSBERRIV</name>
         <value>0x198</value>
      </symbol>
      <symbol id="sm-1d6">
         <name>SYSBERRIV_L</name>
         <value>0x198</value>
      </symbol>
      <symbol id="sm-1d7">
         <name>SYSBERRIV_H</name>
         <value>0x199</value>
      </symbol>
      <symbol id="sm-1d8">
         <name>SYSUNIV</name>
         <value>0x19a</value>
      </symbol>
      <symbol id="sm-1d9">
         <name>SYSUNIV_L</name>
         <value>0x19a</value>
      </symbol>
      <symbol id="sm-1da">
         <name>SYSUNIV_H</name>
         <value>0x19b</value>
      </symbol>
      <symbol id="sm-1db">
         <name>SYSSNIV</name>
         <value>0x19c</value>
      </symbol>
      <symbol id="sm-1dc">
         <name>SYSSNIV_L</name>
         <value>0x19c</value>
      </symbol>
      <symbol id="sm-1dd">
         <name>SYSSNIV_H</name>
         <value>0x19d</value>
      </symbol>
      <symbol id="sm-1de">
         <name>SYSRSTIV</name>
         <value>0x19e</value>
      </symbol>
      <symbol id="sm-1df">
         <name>SYSRSTIV_L</name>
         <value>0x19e</value>
      </symbol>
      <symbol id="sm-1e0">
         <name>SYSRSTIV_H</name>
         <value>0x19f</value>
      </symbol>
      <symbol id="sm-1e1">
         <name>TA0CTL</name>
         <value>0x340</value>
      </symbol>
      <symbol id="sm-1e2">
         <name>TA0CCTL0</name>
         <value>0x342</value>
      </symbol>
      <symbol id="sm-1e3">
         <name>TA0CCTL1</name>
         <value>0x344</value>
      </symbol>
      <symbol id="sm-1e4">
         <name>TA0CCTL2</name>
         <value>0x346</value>
      </symbol>
      <symbol id="sm-1e5">
         <name>TA0CCTL3</name>
         <value>0x348</value>
      </symbol>
      <symbol id="sm-1e6">
         <name>TA0CCTL4</name>
         <value>0x34a</value>
      </symbol>
      <symbol id="sm-1e7">
         <name>TA0R</name>
         <value>0x350</value>
      </symbol>
      <symbol id="sm-1e8">
         <name>TA0CCR0</name>
         <value>0x352</value>
      </symbol>
      <symbol id="sm-1e9">
         <name>TA0CCR1</name>
         <value>0x354</value>
      </symbol>
      <symbol id="sm-1ea">
         <name>TA0CCR2</name>
         <value>0x356</value>
      </symbol>
      <symbol id="sm-1eb">
         <name>TA0CCR3</name>
         <value>0x358</value>
      </symbol>
      <symbol id="sm-1ec">
         <name>TA0CCR4</name>
         <value>0x35a</value>
      </symbol>
      <symbol id="sm-1ed">
         <name>TA0IV</name>
         <value>0x36e</value>
      </symbol>
      <symbol id="sm-1ee">
         <name>TA0EX0</name>
         <value>0x360</value>
      </symbol>
      <symbol id="sm-1ef">
         <name>TA1CTL</name>
         <value>0x380</value>
      </symbol>
      <symbol id="sm-1f0">
         <name>TA1CCTL0</name>
         <value>0x382</value>
      </symbol>
      <symbol id="sm-1f1">
         <name>TA1CCTL1</name>
         <value>0x384</value>
      </symbol>
      <symbol id="sm-1f2">
         <name>TA1CCTL2</name>
         <value>0x386</value>
      </symbol>
      <symbol id="sm-1f3">
         <name>TA1R</name>
         <value>0x390</value>
      </symbol>
      <symbol id="sm-1f4">
         <name>TA1CCR0</name>
         <value>0x392</value>
      </symbol>
      <symbol id="sm-1f5">
         <name>TA1CCR1</name>
         <value>0x394</value>
      </symbol>
      <symbol id="sm-1f6">
         <name>TA1CCR2</name>
         <value>0x396</value>
      </symbol>
      <symbol id="sm-1f7">
         <name>TA1IV</name>
         <value>0x3ae</value>
      </symbol>
      <symbol id="sm-1f8">
         <name>TA1EX0</name>
         <value>0x3a0</value>
      </symbol>
      <symbol id="sm-1f9">
         <name>UCSCTL0</name>
         <value>0x160</value>
      </symbol>
      <symbol id="sm-1fa">
         <name>UCSCTL0_L</name>
         <value>0x160</value>
      </symbol>
      <symbol id="sm-1fb">
         <name>UCSCTL0_H</name>
         <value>0x161</value>
      </symbol>
      <symbol id="sm-1fc">
         <name>UCSCTL1</name>
         <value>0x162</value>
      </symbol>
      <symbol id="sm-1fd">
         <name>UCSCTL1_L</name>
         <value>0x162</value>
      </symbol>
      <symbol id="sm-1fe">
         <name>UCSCTL1_H</name>
         <value>0x163</value>
      </symbol>
      <symbol id="sm-1ff">
         <name>UCSCTL2</name>
         <value>0x164</value>
      </symbol>
      <symbol id="sm-200">
         <name>UCSCTL2_L</name>
         <value>0x164</value>
      </symbol>
      <symbol id="sm-201">
         <name>UCSCTL2_H</name>
         <value>0x165</value>
      </symbol>
      <symbol id="sm-202">
         <name>UCSCTL3</name>
         <value>0x166</value>
      </symbol>
      <symbol id="sm-203">
         <name>UCSCTL3_L</name>
         <value>0x166</value>
      </symbol>
      <symbol id="sm-204">
         <name>UCSCTL3_H</name>
         <value>0x167</value>
      </symbol>
      <symbol id="sm-205">
         <name>UCSCTL4</name>
         <value>0x168</value>
      </symbol>
      <symbol id="sm-206">
         <name>UCSCTL4_L</name>
         <value>0x168</value>
      </symbol>
      <symbol id="sm-207">
         <name>UCSCTL4_H</name>
         <value>0x169</value>
      </symbol>
      <symbol id="sm-208">
         <name>UCSCTL5</name>
         <value>0x16a</value>
      </symbol>
      <symbol id="sm-209">
         <name>UCSCTL5_L</name>
         <value>0x16a</value>
      </symbol>
      <symbol id="sm-20a">
         <name>UCSCTL5_H</name>
         <value>0x16b</value>
      </symbol>
      <symbol id="sm-20b">
         <name>UCSCTL6</name>
         <value>0x16c</value>
      </symbol>
      <symbol id="sm-20c">
         <name>UCSCTL6_L</name>
         <value>0x16c</value>
      </symbol>
      <symbol id="sm-20d">
         <name>UCSCTL6_H</name>
         <value>0x16d</value>
      </symbol>
      <symbol id="sm-20e">
         <name>UCSCTL7</name>
         <value>0x16e</value>
      </symbol>
      <symbol id="sm-20f">
         <name>UCSCTL7_L</name>
         <value>0x16e</value>
      </symbol>
      <symbol id="sm-210">
         <name>UCSCTL7_H</name>
         <value>0x16f</value>
      </symbol>
      <symbol id="sm-211">
         <name>UCSCTL8</name>
         <value>0x170</value>
      </symbol>
      <symbol id="sm-212">
         <name>UCSCTL8_L</name>
         <value>0x170</value>
      </symbol>
      <symbol id="sm-213">
         <name>UCSCTL8_H</name>
         <value>0x171</value>
      </symbol>
      <symbol id="sm-214">
         <name>UCA0CTLW0</name>
         <value>0x5c0</value>
      </symbol>
      <symbol id="sm-215">
         <name>UCA0CTLW0_L</name>
         <value>0x5c0</value>
      </symbol>
      <symbol id="sm-216">
         <name>UCA0CTLW0_H</name>
         <value>0x5c1</value>
      </symbol>
      <symbol id="sm-217">
         <name>UCA0BRW</name>
         <value>0x5c6</value>
      </symbol>
      <symbol id="sm-218">
         <name>UCA0BRW_L</name>
         <value>0x5c6</value>
      </symbol>
      <symbol id="sm-219">
         <name>UCA0BRW_H</name>
         <value>0x5c7</value>
      </symbol>
      <symbol id="sm-21a">
         <name>UCA0MCTL</name>
         <value>0x5c8</value>
      </symbol>
      <symbol id="sm-21b">
         <name>UCA0STAT</name>
         <value>0x5ca</value>
      </symbol>
      <symbol id="sm-21c">
         <name>UCA0RXBUF</name>
         <value>0x5cc</value>
      </symbol>
      <symbol id="sm-21d">
         <name>UCA0TXBUF</name>
         <value>0x5ce</value>
      </symbol>
      <symbol id="sm-21e">
         <name>UCA0ABCTL</name>
         <value>0x5d0</value>
      </symbol>
      <symbol id="sm-21f">
         <name>UCA0IRCTL</name>
         <value>0x5d2</value>
      </symbol>
      <symbol id="sm-220">
         <name>UCA0IRCTL_L</name>
         <value>0x5d2</value>
      </symbol>
      <symbol id="sm-221">
         <name>UCA0IRCTL_H</name>
         <value>0x5d3</value>
      </symbol>
      <symbol id="sm-222">
         <name>UCA0ICTL</name>
         <value>0x5dc</value>
      </symbol>
      <symbol id="sm-223">
         <name>UCA0ICTL_L</name>
         <value>0x5dc</value>
      </symbol>
      <symbol id="sm-224">
         <name>UCA0ICTL_H</name>
         <value>0x5dd</value>
      </symbol>
      <symbol id="sm-225">
         <name>UCA0IV</name>
         <value>0x5de</value>
      </symbol>
      <symbol id="sm-226">
         <name>UCB0CTLW0</name>
         <value>0x5e0</value>
      </symbol>
      <symbol id="sm-227">
         <name>UCB0CTLW0_L</name>
         <value>0x5e0</value>
      </symbol>
      <symbol id="sm-228">
         <name>UCB0CTLW0_H</name>
         <value>0x5e1</value>
      </symbol>
      <symbol id="sm-229">
         <name>UCB0BRW</name>
         <value>0x5e6</value>
      </symbol>
      <symbol id="sm-22a">
         <name>UCB0BRW_L</name>
         <value>0x5e6</value>
      </symbol>
      <symbol id="sm-22b">
         <name>UCB0BRW_H</name>
         <value>0x5e7</value>
      </symbol>
      <symbol id="sm-22c">
         <name>UCB0STAT</name>
         <value>0x5ea</value>
      </symbol>
      <symbol id="sm-22d">
         <name>UCB0RXBUF</name>
         <value>0x5ec</value>
      </symbol>
      <symbol id="sm-22e">
         <name>UCB0TXBUF</name>
         <value>0x5ee</value>
      </symbol>
      <symbol id="sm-22f">
         <name>UCB0I2COA</name>
         <value>0x5f0</value>
      </symbol>
      <symbol id="sm-230">
         <name>UCB0I2COA_L</name>
         <value>0x5f0</value>
      </symbol>
      <symbol id="sm-231">
         <name>UCB0I2COA_H</name>
         <value>0x5f1</value>
      </symbol>
      <symbol id="sm-232">
         <name>UCB0I2CSA</name>
         <value>0x5f2</value>
      </symbol>
      <symbol id="sm-233">
         <name>UCB0I2CSA_L</name>
         <value>0x5f2</value>
      </symbol>
      <symbol id="sm-234">
         <name>UCB0I2CSA_H</name>
         <value>0x5f3</value>
      </symbol>
      <symbol id="sm-235">
         <name>UCB0ICTL</name>
         <value>0x5fc</value>
      </symbol>
      <symbol id="sm-236">
         <name>UCB0ICTL_L</name>
         <value>0x5fc</value>
      </symbol>
      <symbol id="sm-237">
         <name>UCB0ICTL_H</name>
         <value>0x5fd</value>
      </symbol>
      <symbol id="sm-238">
         <name>UCB0IV</name>
         <value>0x5fe</value>
      </symbol>
      <symbol id="sm-239">
         <name>WDTCTL</name>
         <value>0x15c</value>
      </symbol>
      <symbol id="sm-23a">
         <name>WDTCTL_L</name>
         <value>0x15c</value>
      </symbol>
      <symbol id="sm-23b">
         <name>WDTCTL_H</name>
         <value>0x15d</value>
      </symbol>
      <symbol id="sm-23c">
         <name>__TI_CINIT_Base</name>
         <value>0xe20e</value>
      </symbol>
      <symbol id="sm-23d">
         <name>__TI_CINIT_Limit</name>
         <value>0xe216</value>
      </symbol>
      <symbol id="sm-23e">
         <name>__TI_CINIT_Warm</name>
         <value>0xe216</value>
      </symbol>
      <symbol id="sm-23f">
         <name>__TI_Handler_Table_Base</name>
         <value>0xe20a</value>
      </symbol>
      <symbol id="sm-240">
         <name>__TI_Handler_Table_Limit</name>
         <value>0xe20e</value>
      </symbol>
      <symbol id="sm-241">
         <name>__STACK_SIZE</name>
         <value>0x50</value>
      </symbol>
      <symbol id="sm-242">
         <name>__STACK_END</name>
         <value>0x23fc</value>
      </symbol>
      <symbol id="sm-243">
         <name>__c_args__</name>
         <value>0xffffffff</value>
      </symbol>
      <symbol id="sm-244">
         <name>__TI_pprof_out_hndl</name>
         <value>0xffffffff</value>
      </symbol>
      <symbol id="sm-245">
         <name>__TI_prof_data_start</name>
         <value>0xffffffff</value>
      </symbol>
      <symbol id="sm-246">
         <name>__TI_prof_data_size</name>
         <value>0xffffffff</value>
      </symbol>
      <symbol id="sm-2b5">
         <name>printSWs2LEDs</name>
         <value>0xe1be</value>
         <object_component_ref idref="oc-379"/>
      </symbol>
      <symbol id="sm-2cc">
         <name>GPIOconfig</name>
         <value>0xe0ba</value>
         <object_component_ref idref="oc-3cc"/>
      </symbol>
      <symbol id="sm-2cd">
         <name>TIMERconfig</name>
         <value>0xe200</value>
         <object_component_ref idref="oc-3d2"/>
      </symbol>
      <symbol id="sm-2ce">
         <name>ADCconfig</name>
         <value>0xe1fe</value>
         <object_component_ref idref="oc-3d8"/>
      </symbol>
      <symbol id="sm-312">
         <name>enterLPM</name>
         <value>0xe146</value>
         <object_component_ref idref="oc-37f"/>
      </symbol>
      <symbol id="sm-313">
         <name>disable_interrupts</name>
         <value>0xe1e8</value>
         <object_component_ref idref="oc-361"/>
      </symbol>
      <symbol id="sm-314">
         <name>incLEDs</name>
         <value>0xe1ee</value>
         <object_component_ref idref="oc-367"/>
      </symbol>
      <symbol id="sm-315">
         <name>print2LEDs</name>
         <value>0xe1f4</value>
         <object_component_ref idref="oc-3ea"/>
      </symbol>
      <symbol id="sm-316">
         <name>delay</name>
         <value>0xe196</value>
         <object_component_ref idref="oc-36d"/>
      </symbol>
      <symbol id="sm-317">
         <name>sysConfig</name>
         <value>0xe1b0</value>
         <object_component_ref idref="oc-35b"/>
      </symbol>
      <symbol id="sm-318">
         <name>readSWs</name>
         <value>0xe1c8</value>
         <object_component_ref idref="oc-3e4"/>
      </symbol>
      <symbol id="sm-319">
         <name>enable_interrupts</name>
         <value>0xe1da</value>
         <object_component_ref idref="oc-373"/>
      </symbol>
      <symbol id="sm-32b">
         <name>state</name>
         <value>0x1c02</value>
      </symbol>
      <symbol id="sm-32c">
         <name>lpm_mode</name>
         <value>0x1c00</value>
      </symbol>
      <symbol id="sm-32d">
         <name>main</name>
         <value>0xe000</value>
         <object_component_ref idref="oc-335"/>
      </symbol>
      <symbol id="sm-330">
         <name>__TI_int45</name>
         <value>0xffda</value>
         <object_component_ref idref="oc-73"/>
      </symbol>
      <symbol id="sm-333">
         <name>__TI_int46</name>
         <value>0xffdc</value>
         <object_component_ref idref="oc-74"/>
      </symbol>
      <symbol id="sm-336">
         <name>__TI_int48</name>
         <value>0xffe0</value>
         <object_component_ref idref="oc-75"/>
      </symbol>
      <symbol id="sm-339">
         <name>__TI_int49</name>
         <value>0xffe2</value>
         <object_component_ref idref="oc-76"/>
      </symbol>
      <symbol id="sm-33c">
         <name>__TI_int50</name>
         <value>0xffe4</value>
         <object_component_ref idref="oc-77"/>
      </symbol>
      <symbol id="sm-33f">
         <name>__TI_int51</name>
         <value>0xffe6</value>
         <object_component_ref idref="oc-78"/>
      </symbol>
      <symbol id="sm-342">
         <name>__TI_int52</name>
         <value>0xffe8</value>
         <object_component_ref idref="oc-79"/>
      </symbol>
      <symbol id="sm-345">
         <name>__TI_int53</name>
         <value>0xffea</value>
         <object_component_ref idref="oc-7a"/>
      </symbol>
      <symbol id="sm-348">
         <name>__TI_int54</name>
         <value>0xffec</value>
         <object_component_ref idref="oc-7b"/>
      </symbol>
      <symbol id="sm-34b">
         <name>__TI_int55</name>
         <value>0xffee</value>
         <object_component_ref idref="oc-7c"/>
      </symbol>
      <symbol id="sm-34e">
         <name>__TI_int56</name>
         <value>0xfff0</value>
         <object_component_ref idref="oc-7d"/>
      </symbol>
      <symbol id="sm-351">
         <name>__TI_int57</name>
         <value>0xfff2</value>
         <object_component_ref idref="oc-7e"/>
      </symbol>
      <symbol id="sm-354">
         <name>__TI_int58</name>
         <value>0xfff4</value>
         <object_component_ref idref="oc-7f"/>
      </symbol>
      <symbol id="sm-357">
         <name>__TI_int59</name>
         <value>0xfff6</value>
         <object_component_ref idref="oc-80"/>
      </symbol>
      <symbol id="sm-35a">
         <name>__TI_int60</name>
         <value>0xfff8</value>
         <object_component_ref idref="oc-81"/>
      </symbol>
      <symbol id="sm-35d">
         <name>__TI_int61</name>
         <value>0xfffa</value>
         <object_component_ref idref="oc-82"/>
      </symbol>
      <symbol id="sm-360">
         <name>__TI_int62</name>
         <value>0xfffc</value>
         <object_component_ref idref="oc-83"/>
      </symbol>
      <symbol id="sm-368">
         <name>__TI_ISR_TRAP</name>
         <value>0xe1d2</value>
         <object_component_ref idref="oc-2dc"/>
      </symbol>
      <symbol id="sm-37d">
         <name>_stack</name>
         <value>0x23ac</value>
         <object_component_ref idref="oc-2c1"/>
      </symbol>
      <symbol id="sm-37e">
         <name>_c_int00_noargs</name>
         <value>0xe17a</value>
         <object_component_ref idref="oc-2f3"/>
      </symbol>
      <symbol id="sm-37f">
         <name>_reset_vector</name>
         <value>0xfffe</value>
         <object_component_ref idref="oc-2c4"/>
      </symbol>
      <symbol id="sm-3a1">
         <name>__TI_auto_init_nobinit_nopinit</name>
         <value>0xe064</value>
         <object_component_ref idref="oc-392"/>
      </symbol>
      <symbol id="sm-3b1">
         <name>__TI_zero_init_nomemset</name>
         <value>0xe108</value>
         <object_component_ref idref="oc-2e1"/>
      </symbol>
      <symbol id="sm-3bc">
         <name>_system_pre_init</name>
         <value>0xe1fa</value>
         <object_component_ref idref="oc-32f"/>
      </symbol>
      <symbol id="sm-3c5">
         <name>_system_post_cinit</name>
         <value>0xe202</value>
         <object_component_ref idref="oc-404"/>
      </symbol>
      <symbol id="sm-3d1">
         <name>C$$EXIT</name>
         <value>0xe1e2</value>
         <object_component_ref idref="oc-386"/>
      </symbol>
      <symbol id="sm-3d2">
         <name>abort</name>
         <value>0xe1e2</value>
         <object_component_ref idref="oc-386"/>
      </symbol>
      <symbol id="sm-3da">
         <name>P1SEL</name>
         <value>0x0</value>
      </symbol>
      <symbol id="sm-3db">
         <name>P1DIR</name>
         <value>0x0</value>
      </symbol>
      <symbol id="sm-3dc">
         <name>P1OUT</name>
         <value>0x0</value>
      </symbol>
      <symbol id="sm-3dd">
         <name>P2SEL</name>
         <value>0x0</value>
      </symbol>
      <symbol id="sm-3de">
         <name>P2DIR</name>
         <value>0x0</value>
      </symbol>
      <symbol id="sm-3df">
         <name>P2IES</name>
         <value>0x0</value>
      </symbol>
      <symbol id="sm-3e0">
         <name>P2IE</name>
         <value>0x0</value>
      </symbol>
      <symbol id="sm-3e1">
         <name>P2IFG</name>
         <value>0x0</value>
      </symbol>
      <symbol id="sm-3e2">
         <name>P2IN</name>
         <value>0x0</value>
      </symbol>
   </symbol_table>
   <title>Link errors: red sections failed placement</title>
</link_info>
